../Core/Src/main.c:102:6:readImu	48	static
../Core/Src/main.c:119:6:stabilizeMotors	320	static
../Core/Src/main.c:202:7:findDutyYaw	32	static
../Core/Src/main.c:252:5:main	24	static
../Core/Src/main.c:394:13:MX_I2C1_Init	8	static
../Core/Src/main.c:442:13:MX_TIM1_Init	40	static
../Core/Src/main.c:489:13:MX_TIM2_Init	72	static
../Core/Src/main.c:563:13:MX_TIM3_Init	64	static
../Core/Src/main.c:634:13:MX_TIM5_Init	72	static
../Core/Src/main.c:708:13:MX_USART3_UART_Init	8	static
../Core/Src/main.c:756:13:MX_GPIO_Init	48	static
../Core/Src/main.c:805:5:__io_putchar	16	static
../Core/Src/main.c:813:6:HAL_TIM_PeriodElapsedCallback	16	static
../Core/Src/main.c:833:6:HAL_TIM_IC_CaptureCallback	32	static
../Core/Src/main.c:898:6:Error_Handler	4	static,ignoring_inline_asm
